Reading serial...
ESP-ROM:esp32p4-eco2-20240710
Build:Jul 10 2024
rst:0x17 (CHIP_USB_UART_RESET),boot:0x20c (SPI_FAST_FLASH_BOOT)
Core0 Saved PC:0x4fc098f6
Core1 Saved PC:0x4fc058e0
SPI mode:DIO, clock div:1
load:0x4ff33ce0,len:0x1744
load:0x4ff2abd0,len:0xea8
load:0x4ff2cbd0,len:0x341c
entry 0x4ff2abda
I (8) boot: ESP-IDF v5.4.2 2nd stage bootloader
I (8) boot: compile time Apr 13 2026 08:55:29
I (9) boot: Multicore bootloader
I (10) boot: chip revision: v1.3
I (10) boot: efuse block revision: v0.3
I (10) qio_mode: Enabling default flash chip QIO
I (11) boot.esp32p4: SPI Speed      : 80MHz
I (11) boot.esp32p4: SPI Mode       : QIO
I (11) boot.esp32p4: SPI Flash Size : 16MB
I (12) boot: Enabling RNG early entropy source...
I (12) boot: Partition Table:
I (12) boot: ## Label            Usage          Type ST Offset   Length
I (13) boot:  0 nvs              WiFi data        01 02 00009000 00006000
I (13) boot:  1 phy_init         RF data          01 01 0000f000 00001000
I (14) boot:  2 factory          factory app      00 00 00010000 00a00000
I (15) boot:  3 human_face_det   Unknown data     01 82 00a10000 00064000
I (15) boot:  4 storage          Unknown data     01 82 00a74000 00200000
I (16) boot: End of partition table
I (17) esp_image: segment 0: paddr=00010020 vaddr=48160020 size=3f6e44h (4156996) map
I (530) esp_image: segment 1: paddr=00406e6c vaddr=30100000 size=00068h (   104) load
I (532) esp_image: segment 2: paddr=00406edc vaddr=4ff00000 size=0913ch ( 37180) load
I (539) esp_image: segment 3: paddr=00410020 vaddr=48000020 size=158c60h (1412192) map
I (714) esp_image: segment 4: paddr=00568c88 vaddr=4ff0913c size=1e268h (123496) load
I (733) esp_image: segment 5: paddr=00586ef8 vaddr=4ff27400 size=02c78h ( 11384) load
I (736) esp_image: segment 6: paddr=00589b78 vaddr=4ff40000 size=01834h (  6196) load
I (739) esp_image: segment 7: paddr=0058b3b4 vaddr=50108080 size=0001ch (    28) load
I (747) boot: Loaded app from partition at offset 0x10000
I (747) boot: Disabling RNG early entropy source...
I (750) hex_psram: vendor id    : 0x0d (AP)
I (750) hex_psram: Latency      : 0x01 (Fixed)
I (750) hex_psram: DriveStr.    : 0x00 (25 Ohm)
I (750) hex_psram: dev id       : 0x03 (generation 4)
I (751) hex_psram: density      : 0x07 (256 Mbit)
I (751) hex_psram: good-die     : 0x06 (Pass)
I (752) hex_psram: SRF          : 0x02 (Slow Refresh)
I (752) hex_psram: BurstType    : 0x00 ( Wrap)
I (752) hex_psram: BurstLen     : 0x03 (2048 Byte)
I (753) hex_psram: BitMode      : 0x01 (X16 Mode)
I (753) hex_psram: Readlatency  : 0x04 (14 cycles@Fixed)
I (753) hex_psram: DriveStrength: 0x00 (1/1)
